// Jest Snapshot v1, https://goo.gl/fbAQLP

exports[`<ConfirmationButton /> matches snapshot 1`] = `
<div
  className="confirmation-button "
>
  <button
    onClick={[Function]}
  >
    Do Action
  </button>
</div>
`;
