// Jest Snapshot v1, https://goo.gl/fbAQLP

exports[`<Header /> matches snapshot 1`] = `
<header
  style={
    Object {
      "background": "rebeccapurple",
      "marginBottom": "1.45rem",
    }
  }
>
  <div
    style={
      Object {
        "margin": "0 auto",
        "maxWidth": 960,
        "padding": "0 1.0875rem",
      }
    }
  >
    <h1
      style={
        Object {
          "margin": 0,
          "position": "relative",
        }
      }
    >
      <mockConstructor
        style={
          Object {
            "color": "white",
            "textDecoration": "none",
          }
        }
        to="/"
      >
        TEST
      </mockConstructor>
      <button
        className="cart-button"
        onClick={[Function]}
      >
        CART (
        4
        )
      </button>
    </h1>
  </div>
</header>
`;
