// Jest Snapshot v1, https://goo.gl/fbAQLP

exports[`<Layout /> matches snapshot 1`] = `
<Fragment>
  <HelmetWrapper
    defer={true}
    encodeSpecialCharacters={true}
  >
    <link
      crossorigin="anonymous"
      href="https://cdn.jsdelivr.net/npm/foundation-sites@6.5.3/dist/css/foundation.min.css"
      integrity="sha256-xpOKVlYXzQ3P03j397+jWFZLMBXLES3IiryeClgU5og= sha384-gP4DhqyoT9b1vaikoHi9XQ8If7UNLO73JFOOlQV1RATrA7D0O7TjJZifac6NwPps sha512-AKwIib1E+xDeXe0tCgbc9uSvPwVYl6Awj7xl0FoaPFostZHOuDQ1abnDNCYtxL/HWEnVOMrFyf91TDgLPi9pNg=="
      rel="stylesheet"
    />
  </HelmetWrapper>
  <CartStoreProvider>
    <Header
      siteTitle="RTG"
    />
    <div
      style={
        Object {
          "margin": "0 auto",
          "maxWidth": 960,
          "padding": "0px 1.0875rem 1.45rem",
          "paddingTop": 0,
        }
      }
    >
      <main />
      <footer />
    </div>
    <CartSidebar />
  </CartStoreProvider>
</Fragment>
`;
