// Jest Snapshot v1, https://goo.gl/fbAQLP

exports[`CartPage renders items in cart 1`] = `
Array [
  <header
    style={
      Object {
        "background": "rebeccapurple",
        "marginBottom": "1.45rem",
      }
    }
  >
    <div
      style={
        Object {
          "margin": "0 auto",
          "maxWidth": 960,
          "padding": "0 1.0875rem",
        }
      }
    >
      <h1
        style={
          Object {
            "margin": 0,
            "position": "relative",
          }
        }
      >
        <a
          href="/"
          style={
            Object {
              "color": "white",
              "textDecoration": "none",
            }
          }
        >
          RTG
        </a>
        <a
          href="/cart"
          style={
            Object {
              "color": "white",
              "float": "right",
              "fontSize": "1rem",
              "fontWeight": "700",
              "position": "absolute",
              "right": "1.0875rem",
              "textDecoration": "none",
              "top": "1.5rem",
            }
          }
        >
          CART
        </a>
      </h1>
    </div>
  </header>,
  <div
    style={
      Object {
        "margin": "0 auto",
        "maxWidth": 960,
        "padding": "0px 1.0875rem 1.45rem",
        "paddingTop": 0,
      }
    }
  >
    <main>
      <h1>
        Cart
      </h1>
      <div
        className="cart-list"
      >
        <ul>
          <li>
            <div>
              <h4
                className="cart-item-title"
              >
                fake-title
              </h4>
              <div
                className="cart-item-controls"
              >
                <button
                  className="cart-item-update-qty-button"
                  onClick={[Function]}
                >
                  -
                </button>
                <span
                  className="cart-item-qty"
                >
                  1
                </span>
                <button
                  className="cart-item-update-qty-button"
                  onClick={[Function]}
                >
                  +
                </button>
                <button
                  className="cart-item-remove-button"
                  onClick={[Function]}
                >
                  Remove Item
                </button>
              </div>
            </div>
          </li>
        </ul>
        <button
          className="cart-list-clear-button"
          onClick={[Function]}
        >
          Clear Cart
        </button>
      </div>
      <div
        className="cart-summary"
      >
        <div>
          Subtotal: 
          $999.99
        </div>
        <div>
          Tax: 
          $100.00
        </div>
        <div>
          Shipping:
           
          $65.00
        </div>
        <div>
          Total: 
          $1164.99
        </div>
      </div>
    </main>
    <footer />
  </div>,
]
`;
